%!Adobe-FontList 1.23
%Locale:0xc0a

%BeginFont
Handler:DirectoryHandler
FontType:TrueType
FontName:Gilroy-Black
FamilyName:Gilroy
StyleName:Black
FullName:Gilroy-Black
MenuName:Gilroy Black
StyleBits:0
WritingScript:Roman
OutlineFileName:C:\Users\Marcos Morgillo\Downloads\TEMPLATES\TEMPLATE_60\Font\Gilroy-Black.ttf
DataFormat:sfntData
hasSVG:no
VariableFontType:NonVariableFont
FileLength:80128
FileModTime:1541264770
WeightClass:900
WidthClass:5
AngleClass:0
NameArray:0,Mac,4,Gilroy-Black
NameArray:0,Win,1,Gilroy Black
NameArray:0,Win,16,Gilroy
%EndFont

%BeginFont
Handler:DirectoryHandler
FontType:TrueType
FontName:Gilroy-BlackItalic
FamilyName:Gilroy
StyleName:Black Italic
FullName:Gilroy-BlackItalic
MenuName:Gilroy Black Italic
StyleBits:0
WritingScript:Roman
OutlineFileName:C:\Users\Marcos Morgillo\Downloads\TEMPLATES\TEMPLATE_60\Font\Gilroy-BlackItalic.ttf
DataFormat:sfntData
hasSVG:no
VariableFontType:NonVariableFont
FileLength:84336
FileModTime:1541264766
WeightClass:900
WidthClass:5
AngleClass:1
NameArray:0,Mac,4,Gilroy-BlackItalic
NameArray:0,Win,1,Gilroy Black Italic
NameArray:0,Win,16,Gilroy
%EndFont

%BeginFont
Handler:DirectoryHandler
FontType:TrueType
FontName:Gilroy-Bold
FamilyName:Gilroy
StyleName:Bold
FullName:Gilroy-Bold
MenuName:Gilroy Bold
StyleBits:0
WritingScript:Roman
OutlineFileName:C:\Users\Marcos Morgillo\Downloads\TEMPLATES\TEMPLATE_60\Font\Gilroy-Bold.ttf
DataFormat:sfntData
hasSVG:no
VariableFontType:NonVariableFont
FileLength:80528
FileModTime:1541264768
WeightClass:700
WidthClass:5
AngleClass:0
NameArray:0,Mac,4,Gilroy-Bold
NameArray:0,Win,1,Gilroy Bold
NameArray:0,Win,16,Gilroy
%EndFont

%BeginFont
Handler:DirectoryHandler
FontType:TrueType
FontName:Gilroy-BoldItalic
FamilyName:Gilroy
StyleName:Bold Italic
FullName:Gilroy-BoldItalic
MenuName:Gilroy Bold Italic
StyleBits:0
WritingScript:Roman
OutlineFileName:C:\Users\Marcos Morgillo\Downloads\TEMPLATES\TEMPLATE_60\Font\Gilroy-BoldItalic.ttf
DataFormat:sfntData
hasSVG:no
VariableFontType:NonVariableFont
FileLength:84736
FileModTime:1541264766
WeightClass:700
WidthClass:5
AngleClass:1
NameArray:0,Mac,4,Gilroy-BoldItalic
NameArray:0,Win,1,Gilroy Bold Italic
NameArray:0,Win,16,Gilroy
%EndFont

%BeginFont
Handler:DirectoryHandler
FontType:TrueType
FontName:Gilroy-ExtraBold
FamilyName:Gilroy
StyleName:ExtraBold
FullName:Gilroy-ExtraBold
MenuName:Gilroy ExtraBold
StyleBits:0
WritingScript:Roman
OutlineFileName:C:\Users\Marcos Morgillo\Downloads\TEMPLATES\TEMPLATE_60\Font\Gilroy-ExtraBold.ttf
DataFormat:sfntData
hasSVG:no
VariableFontType:NonVariableFont
FileLength:79508
FileModTime:1541264766
WeightClass:800
WidthClass:5
AngleClass:0
NameArray:0,Mac,4,Gilroy-ExtraBold
NameArray:0,Win,1,Gilroy ExtraBold
NameArray:0,Win,16,Gilroy
%EndFont

%BeginFont
Handler:DirectoryHandler
FontType:TrueType
FontName:Gilroy-ExtraBoldItalic
FamilyName:Gilroy
StyleName:ExtraBold Italic
FullName:Gilroy-ExtraBoldItalic
MenuName:Gilroy ExtraBold Italic
StyleBits:0
WritingScript:Roman
OutlineFileName:C:\Users\Marcos Morgillo\Downloads\TEMPLATES\TEMPLATE_60\Font\Gilroy-ExtraBoldItalic.ttf
DataFormat:sfntData
hasSVG:no
VariableFontType:NonVariableFont
FileLength:84084
FileModTime:1541264768
WeightClass:800
WidthClass:5
AngleClass:1
NameArray:0,Mac,4,Gilroy-ExtraBoldItalic
NameArray:0,Win,1,Gilroy ExtraBold Italic
NameArray:0,Win,16,Gilroy
%EndFont

%BeginFont
Handler:DirectoryHandler
FontType:TrueType
FontName:Gilroy-Heavy
FamilyName:Gilroy
StyleName:Heavy
FullName:Gilroy-Heavy
MenuName:Gilroy Heavy
StyleBits:0
WritingScript:Roman
OutlineFileName:C:\Users\Marcos Morgillo\Downloads\TEMPLATES\TEMPLATE_60\Font\Gilroy-Heavy.ttf
DataFormat:sfntData
hasSVG:no
VariableFontType:NonVariableFont
FileLength:79348
FileModTime:1541264766
WeightClass:900
WidthClass:5
AngleClass:0
NameArray:0,Mac,4,Gilroy-Heavy
NameArray:0,Win,1,Gilroy Heavy
NameArray:0,Win,16,Gilroy
%EndFont

%BeginFont
Handler:DirectoryHandler
FontType:TrueType
FontName:Gilroy-HeavyItalic
FamilyName:Gilroy
StyleName:Heavy Italic
FullName:Gilroy-HeavyItalic
MenuName:Gilroy Heavy Italic
StyleBits:0
WritingScript:Roman
OutlineFileName:C:\Users\Marcos Morgillo\Downloads\TEMPLATES\TEMPLATE_60\Font\Gilroy-HeavyItalic.ttf
DataFormat:sfntData
hasSVG:no
VariableFontType:NonVariableFont
FileLength:83672
FileModTime:1541264768
WeightClass:900
WidthClass:5
AngleClass:1
NameArray:0,Mac,4,Gilroy-HeavyItalic
NameArray:0,Win,1,Gilroy Heavy Italic
NameArray:0,Win,16,Gilroy
%EndFont

%BeginFont
Handler:DirectoryHandler
FontType:TrueType
FontName:Gilroy-Light
FamilyName:Gilroy
StyleName:Light
FullName:Gilroy-Light
MenuName:Gilroy Light
StyleBits:0
WritingScript:Roman
OutlineFileName:C:\Users\Marcos Morgillo\Downloads\TEMPLATES\TEMPLATE_60\Font\Gilroy-Light.ttf
DataFormat:sfntData
hasSVG:no
VariableFontType:NonVariableFont
FileLength:81532
FileModTime:1541264768
WeightClass:300
WidthClass:5
AngleClass:0
NameArray:0,Mac,4,Gilroy-Light
NameArray:0,Win,1,Gilroy Light
NameArray:0,Win,16,Gilroy
%EndFont

%BeginFont
Handler:DirectoryHandler
FontType:TrueType
FontName:Gilroy-LightItalic
FamilyName:Gilroy
StyleName:Light Italic
FullName:Gilroy-LightItalic
MenuName:Gilroy Light Italic
StyleBits:0
WritingScript:Roman
OutlineFileName:C:\Users\Marcos Morgillo\Downloads\TEMPLATES\TEMPLATE_60\Font\Gilroy-LightItalic.ttf
DataFormat:sfntData
hasSVG:no
VariableFontType:NonVariableFont
FileLength:85576
FileModTime:1541264766
WeightClass:300
WidthClass:5
AngleClass:1
NameArray:0,Mac,4,Gilroy-LightItalic
NameArray:0,Win,1,Gilroy Light Italic
NameArray:0,Win,16,Gilroy
%EndFont

%BeginFont
Handler:DirectoryHandler
FontType:TrueType
FontName:Gilroy-Medium
FamilyName:Gilroy
StyleName:Medium
FullName:Gilroy-Medium
MenuName:Gilroy Medium
StyleBits:0
WritingScript:Roman
OutlineFileName:C:\Users\Marcos Morgillo\Downloads\TEMPLATES\TEMPLATE_60\Font\Gilroy-Medium.ttf
DataFormat:sfntData
hasSVG:no
VariableFontType:NonVariableFont
FileLength:81104
FileModTime:1541264768
WeightClass:500
WidthClass:5
AngleClass:0
NameArray:0,Mac,4,Gilroy-Medium
NameArray:0,Win,1,Gilroy Medium
NameArray:0,Win,16,Gilroy
%EndFont

%BeginFont
Handler:DirectoryHandler
FontType:TrueType
FontName:Gilroy-MediumItalic
FamilyName:Gilroy
StyleName:Medium Italic
FullName:Gilroy-MediumItalic
MenuName:Gilroy Medium Italic
StyleBits:0
WritingScript:Roman
OutlineFileName:C:\Users\Marcos Morgillo\Downloads\TEMPLATES\TEMPLATE_60\Font\Gilroy-MediumItalic.ttf
DataFormat:sfntData
hasSVG:no
VariableFontType:NonVariableFont
FileLength:85576
FileModTime:1541264768
WeightClass:500
WidthClass:5
AngleClass:1
NameArray:0,Mac,4,Gilroy-MediumItalic
NameArray:0,Win,1,Gilroy Medium Italic
NameArray:0,Win,16,Gilroy
%EndFont

%BeginFont
Handler:DirectoryHandler
FontType:TrueType
FontName:Gilroy-Regular
FamilyName:Gilroy
StyleName:Regular
FullName:Gilroy-Regular
MenuName:Gilroy
StyleBits:0
WritingScript:Roman
OutlineFileName:C:\Users\Marcos Morgillo\Downloads\TEMPLATES\TEMPLATE_60\Font\Gilroy-Regular.ttf
DataFormat:sfntData
hasSVG:no
VariableFontType:NonVariableFont
FileLength:80728
FileModTime:1541264768
WeightClass:400
WidthClass:5
AngleClass:0
NameArray:0,Mac,4,Gilroy-Regular
NameArray:0,Win,1,Gilroy
%EndFont

%BeginFont
Handler:DirectoryHandler
FontType:TrueType
FontName:Gilroy-RegularItalic
FamilyName:Gilroy
StyleName:Regular Italic
FullName:Gilroy-RegularItalic
MenuName:Gilroy Italic
StyleBits:0
WritingScript:Roman
OutlineFileName:C:\Users\Marcos Morgillo\Downloads\TEMPLATES\TEMPLATE_60\Font\Gilroy-RegularItalic.ttf
DataFormat:sfntData
hasSVG:no
VariableFontType:NonVariableFont
FileLength:85484
FileModTime:1541264768
WeightClass:400
WidthClass:5
AngleClass:1
NameArray:0,Mac,4,Gilroy-RegularItalic
NameArray:0,Win,1,Gilroy Italic
NameArray:0,Win,16,Gilroy
%EndFont

%BeginFont
Handler:DirectoryHandler
FontType:TrueType
FontName:Gilroy-SemiBold
FamilyName:Gilroy
StyleName:SemiBold
FullName:Gilroy-SemiBold
MenuName:Gilroy SemiBold
StyleBits:0
WritingScript:Roman
OutlineFileName:C:\Users\Marcos Morgillo\Downloads\TEMPLATES\TEMPLATE_60\Font\Gilroy-SemiBold.ttf
DataFormat:sfntData
hasSVG:no
VariableFontType:NonVariableFont
FileLength:80716
FileModTime:1541264768
WeightClass:600
WidthClass:5
AngleClass:0
NameArray:0,Mac,4,Gilroy-SemiBold
NameArray:0,Win,1,Gilroy SemiBold
NameArray:0,Win,16,Gilroy
%EndFont

%BeginFont
Handler:DirectoryHandler
FontType:TrueType
FontName:Gilroy-SemiBoldItalic
FamilyName:Gilroy
StyleName:SemiBold Italic
FullName:Gilroy-SemiBoldItalic
MenuName:Gilroy SemiBold Italic
StyleBits:0
WritingScript:Roman
OutlineFileName:C:\Users\Marcos Morgillo\Downloads\TEMPLATES\TEMPLATE_60\Font\Gilroy-SemiBoldItalic.ttf
DataFormat:sfntData
hasSVG:no
VariableFontType:NonVariableFont
FileLength:85012
FileModTime:1541264768
WeightClass:600
WidthClass:5
AngleClass:1
NameArray:0,Mac,4,Gilroy-SemiBoldItalic
NameArray:0,Win,1,Gilroy SemiBold Italic
NameArray:0,Win,16,Gilroy
%EndFont

%BeginFont
Handler:DirectoryHandler
FontType:TrueType
FontName:Gilroy-Thin
FamilyName:Gilroy
StyleName:Thin
FullName:Gilroy-Thin
MenuName:Gilroy Thin
StyleBits:0
WritingScript:Roman
OutlineFileName:C:\Users\Marcos Morgillo\Downloads\TEMPLATES\TEMPLATE_60\Font\Gilroy-Thin.ttf
DataFormat:sfntData
hasSVG:no
VariableFontType:NonVariableFont
FileLength:81380
FileModTime:1541264770
WeightClass:250
WidthClass:5
AngleClass:0
NameArray:0,Mac,4,Gilroy-Thin
NameArray:0,Win,1,Gilroy Thin
NameArray:0,Win,16,Gilroy
%EndFont

%BeginFont
Handler:DirectoryHandler
FontType:TrueType
FontName:Gilroy-ThinItalic
FamilyName:Gilroy
StyleName:Thin Italic
FullName:Gilroy-ThinItalic
MenuName:Gilroy Thin Italic
StyleBits:0
WritingScript:Roman
OutlineFileName:C:\Users\Marcos Morgillo\Downloads\TEMPLATES\TEMPLATE_60\Font\Gilroy-ThinItalic.ttf
DataFormat:sfntData
hasSVG:no
VariableFontType:NonVariableFont
FileLength:85476
FileModTime:1541264766
WeightClass:250
WidthClass:5
AngleClass:1
NameArray:0,Mac,4,Gilroy-ThinItalic
NameArray:0,Win,1,Gilroy Thin Italic
NameArray:0,Win,16,Gilroy
%EndFont

%BeginFont
Handler:DirectoryHandler
FontType:TrueType
FontName:Gilroy-UltraLight
FamilyName:Gilroy
StyleName:UltraLight
FullName:Gilroy-UltraLight
MenuName:Gilroy UltraLight
StyleBits:0
WritingScript:Roman
OutlineFileName:C:\Users\Marcos Morgillo\Downloads\TEMPLATES\TEMPLATE_60\Font\Gilroy-UltraLight.ttf
DataFormat:sfntData
hasSVG:no
VariableFontType:NonVariableFont
FileLength:81980
FileModTime:1541264768
WeightClass:250
WidthClass:5
AngleClass:0
NameArray:0,Mac,4,Gilroy-UltraLight
NameArray:0,Win,1,Gilroy UltraLight
NameArray:0,Win,16,Gilroy
%EndFont

%BeginFont
Handler:DirectoryHandler
FontType:TrueType
FontName:Gilroy-UltraLightItalic
FamilyName:Gilroy
StyleName:UltraLight Italic
FullName:Gilroy-UltraLightItalic
MenuName:Gilroy UltraLight Italic
StyleBits:0
WritingScript:Roman
OutlineFileName:C:\Users\Marcos Morgillo\Downloads\TEMPLATES\TEMPLATE_60\Font\Gilroy-UltraLightItalic.ttf
DataFormat:sfntData
hasSVG:no
VariableFontType:NonVariableFont
FileLength:86196
FileModTime:1541264768
WeightClass:250
WidthClass:5
AngleClass:1
NameArray:0,Mac,4,Gilroy-UltraLightItalic
NameArray:0,Win,1,Gilroy UltraLight Italic
NameArray:0,Win,16,Gilroy
%EndFont

%BeginFont
Handler:DirectoryHandler
FontType:Type1
FontName:Teko-Bold
FamilyName:Teko
StyleName:Bold
FullName:Teko Bold
MenuName:Teko
StyleBits:2
WritingScript:Roman
OutlineFileName:C:\Users\Marcos Morgillo\Downloads\TEMPLATES\TEMPLATE_60\Font\teko-bold.otf
DataFormat:sfntData
UsesStandardEncoding:yes
isCFF:yes
hasSVG:no
VariableFontType:NonVariableFont
FileLength:81540
FileModTime:1717587084
WeightClass:700
WidthClass:5
AngleClass:0
NameArray:0,Mac,4,Teko Bold
NameArray:0,Win,1,Teko
%EndFont

%BeginFont
Handler:DirectoryHandler
FontType:Type1
FontName:Teko-Light
FamilyName:Teko
StyleName:Light
FullName:Teko Light
MenuName:Teko Light
StyleBits:0
WritingScript:Roman
OutlineFileName:C:\Users\Marcos Morgillo\Downloads\TEMPLATES\TEMPLATE_60\Font\teko-light.otf
DataFormat:sfntData
UsesStandardEncoding:yes
isCFF:yes
hasSVG:no
VariableFontType:NonVariableFont
FileLength:77916
FileModTime:1717587084
WeightClass:300
WidthClass:5
AngleClass:0
NameArray:0,Mac,4,Teko Light
NameArray:0,Win,1,Teko Light
NameArray:0,Win,16,Teko
%EndFont

%BeginFont
Handler:DirectoryHandler
FontType:Type1
FontName:Teko-Medium
FamilyName:Teko
StyleName:Medium
FullName:Teko Medium
MenuName:Teko Medium
StyleBits:0
WritingScript:Roman
OutlineFileName:C:\Users\Marcos Morgillo\Downloads\TEMPLATES\TEMPLATE_60\Font\teko-medium.otf
DataFormat:sfntData
UsesStandardEncoding:yes
isCFF:yes
hasSVG:no
VariableFontType:NonVariableFont
FileLength:90496
FileModTime:1717587084
WeightClass:500
WidthClass:5
AngleClass:0
NameArray:0,Mac,4,Teko Medium
NameArray:0,Win,1,Teko Medium
NameArray:0,Win,16,Teko
%EndFont

%BeginFont
Handler:DirectoryHandler
FontType:Type1
FontName:Teko-Regular
FamilyName:Teko
StyleName:Regular
FullName:Teko
MenuName:Teko
StyleBits:0
WritingScript:Roman
OutlineFileName:C:\Users\Marcos Morgillo\Downloads\TEMPLATES\TEMPLATE_60\Font\teko-regular.otf
DataFormat:sfntData
UsesStandardEncoding:yes
isCFF:yes
hasSVG:no
VariableFontType:NonVariableFont
FileLength:87976
FileModTime:1717587084
WeightClass:400
WidthClass:5
AngleClass:0
NameArray:0,Mac,4,Teko
NameArray:0,Win,1,Teko
%EndFont

%BeginFont
Handler:DirectoryHandler
FontType:Type1
FontName:Teko-SemiBold
FamilyName:Teko
StyleName:SemiBold
FullName:Teko SemiBold
MenuName:Teko SemiBold
StyleBits:0
WritingScript:Roman
OutlineFileName:C:\Users\Marcos Morgillo\Downloads\TEMPLATES\TEMPLATE_60\Font\teko-semibold.otf
DataFormat:sfntData
UsesStandardEncoding:yes
isCFF:yes
hasSVG:no
VariableFontType:NonVariableFont
FileLength:89156
FileModTime:1717587084
WeightClass:600
WidthClass:5
AngleClass:0
NameArray:0,Mac,4,Teko SemiBold
NameArray:0,Win,1,Teko SemiBold
NameArray:0,Win,16,Teko
%EndFont

